// Jest Snapshot v1, https://goo.gl/fbAQLP

exports[`ResourceCard renders resource on context change 1`] = `<div />`;
