// Jest Snapshot v1, https://goo.gl/fbAQLP

exports[`Counter should render correctly 1`] = `
<div>
  <h4
    class="MuiTypography-root MuiTypography-body1"
  >
    Counter
  </h4>
  <h5
    class="MuiTypography-root MuiTypography-body1"
  >
    0 : 0
  </h5>
</div>
`;
